// Jest Snapshot v1, https://goo.gl/fbAQLP

exports[`renders correctly 1`] = `
<Text
  style={
    Object {
      "color": "#4f4f4f",
    }
  }
/>
`;
