// Jest Snapshot v1, https://goo.gl/fbAQLP

exports[`render correctly 1`] = `
<Modal
  animationType="fade"
  hardwareAccelerated={false}
  transparent={true}
  visible={true}
>
  <View
    style={
      Object {
        "alignItems": "center",
        "backgroundColor": "rgba(51,51,51,0.3)",
        "flex": 1,
        "justifyContent": "center",
      }
    }
  >
    <View
      style={
        Object {
          "alignItems": "center",
          "backgroundColor": "rgb(39,43,50)",
          "borderRadius": 8,
          "height": 80,
          "justifyContent": "center",
          "width": 80,
        }
      }
    >
      <ActivityIndicator
        animating={true}
        color="white"
        hidesWhenStopped={true}
        size="large"
      />
    </View>
  </View>
</Modal>
`;
